
*** Running vivado
    with args -log camera.vdi -applog -m64 -product Vivado -messageDb vivado.pb -mode batch -source camera.tcl -notrace



****** Vivado v2025.2 (64-bit)
  **** SW Build 6299465 on Fri Nov 14 19:35:11 GMT 2025
  **** IP Build 6300035 on Fri Nov 14 10:48:45 MST 2025
  **** SharedData Build 6298862 on Thu Nov 13 04:50:51 MST 2025
  **** Start of session at: Wed May 13 15:11:18 2026
    ** Copyright 1986-2022 Xilinx, Inc. All Rights Reserved.
    ** Copyright 2022-2025 Advanced Micro Devices, Inc. All Rights Reserved.

source camera.tcl -notrace
create_project: Time (s): cpu = 00:00:08 ; elapsed = 00:00:07 . Memory (MB): peak = 536.676 ; gain = 218.504
Command: link_design -top camera -part xc7a100tcsg324-1
Design is defaulting to srcset: sources_1
Design is defaulting to constrset: constrs_1
INFO: [Device 21-403] Loading part xc7a100tcsg324-1
INFO: [Project 1-5699] Read binary netlist with skipMacroContent - 1
INFO: [Project 1-454] Reading design checkpoint 'c:/Users/Saleh/ProjKeTea/Projects/ece441_project/camera_using_external_memory_ece441_2026_02_V1_12/camera_using_external_memory/camera_using_external_memory.gen/sources_1/ip/line_buffer/line_buffer.dcp' for cell 'camera_video/camera_data_even_line'
INFO: [Project 1-454] Reading design checkpoint 'c:/Users/Saleh/ProjKeTea/Projects/ece441_project/camera_using_external_memory_ece441_2026_02_V1_12/camera_using_external_memory/camera_using_external_memory.gen/sources_1/ip/line_buffer/line_buffer.dcp' for cell 'camera_video/stream3_out_odd'
INFO: [Project 1-454] Reading design checkpoint 'c:/Users/Saleh/ProjKeTea/Projects/ece441_project/camera_using_external_memory_ece441_2026_02_V1_12/camera_using_external_memory/camera_using_external_memory.gen/sources_1/ip/clk_wiz_0/clk_wiz_0.dcp' for cell 'camera_video/xtime'
Netlist sorting complete. Time (s): cpu = 00:00:00 ; elapsed = 00:00:00.182 . Memory (MB): peak = 818.051 ; gain = 0.000
INFO: [Netlist 29-17] Analyzing 1333 Unisim elements for replacement
INFO: [Netlist 29-28] Unisim Transformation completed in 1 CPU seconds
INFO: [Project 1-479] Netlist was created with Vivado 2024.2
INFO: [Project 1-570] Preparing netlist for logic optimization
WARNING: [Opt 31-35] Removing redundant IBUF, camera_video/xtime/inst/clkin1_ibufg, from the path connected to top-level port: clock 
Resolution: The tool has removed redundant IBUF. To resolve this warning, check for redundant IBUF in the input design.
WARNING: [Constraints 18-550] Could not create 'IBUF_LOW_PWR' constraint because net 'camera_video/xtime/clk_in1' is not directly connected to top level port. 'IBUF_LOW_PWR' is ignored for synthesis but preserved for implementation.
Parsing XDC File [c:/Users/Saleh/ProjKeTea/Projects/ece441_project/camera_using_external_memory_ece441_2026_02_V1_12/camera_using_external_memory/camera_using_external_memory.gen/sources_1/ip/clk_wiz_0/clk_wiz_0_board.xdc] for cell 'camera_video/xtime/inst'
Finished Parsing XDC File [c:/Users/Saleh/ProjKeTea/Projects/ece441_project/camera_using_external_memory_ece441_2026_02_V1_12/camera_using_external_memory/camera_using_external_memory.gen/sources_1/ip/clk_wiz_0/clk_wiz_0_board.xdc] for cell 'camera_video/xtime/inst'
Parsing XDC File [c:/Users/Saleh/ProjKeTea/Projects/ece441_project/camera_using_external_memory_ece441_2026_02_V1_12/camera_using_external_memory/camera_using_external_memory.gen/sources_1/ip/clk_wiz_0/clk_wiz_0.xdc] for cell 'camera_video/xtime/inst'
INFO: [Timing 38-35] Done setting XDC timing constraints. [c:/Users/Saleh/ProjKeTea/Projects/ece441_project/camera_using_external_memory_ece441_2026_02_V1_12/camera_using_external_memory/camera_using_external_memory.gen/sources_1/ip/clk_wiz_0/clk_wiz_0.xdc:54]
INFO: [Timing 38-2] Deriving generated clocks [c:/Users/Saleh/ProjKeTea/Projects/ece441_project/camera_using_external_memory_ece441_2026_02_V1_12/camera_using_external_memory/camera_using_external_memory.gen/sources_1/ip/clk_wiz_0/clk_wiz_0.xdc:54]
get_clocks: Time (s): cpu = 00:00:05 ; elapsed = 00:00:05 . Memory (MB): peak = 1531.781 ; gain = 583.070
Finished Parsing XDC File [c:/Users/Saleh/ProjKeTea/Projects/ece441_project/camera_using_external_memory_ece441_2026_02_V1_12/camera_using_external_memory/camera_using_external_memory.gen/sources_1/ip/clk_wiz_0/clk_wiz_0.xdc] for cell 'camera_video/xtime/inst'
Parsing XDC File [C:/Users/Saleh/ProjKeTea/Projects/ece441_project/camera_using_external_memory_ece441_2026_02_V1_12/camera_using_external_memory/basys_constraints.xdc]
CRITICAL WARNING: [Common 17-69] Command failed: 'W5' is not a valid site or package pin name. [C:/Users/Saleh/ProjKeTea/Projects/ece441_project/camera_using_external_memory_ece441_2026_02_V1_12/camera_using_external_memory/basys_constraints.xdc:7]
CRITICAL WARNING: [Common 17-69] Command failed: 'W16' is not a valid site or package pin name. [C:/Users/Saleh/ProjKeTea/Projects/ece441_project/camera_using_external_memory_ece441_2026_02_V1_12/camera_using_external_memory/basys_constraints.xdc:16]
CRITICAL WARNING: [Common 17-69] Command failed: 'W17' is not a valid site or package pin name. [C:/Users/Saleh/ProjKeTea/Projects/ece441_project/camera_using_external_memory_ece441_2026_02_V1_12/camera_using_external_memory/basys_constraints.xdc:18]
CRITICAL WARNING: [Common 17-69] Command failed: 'W15' is not a valid site or package pin name. [C:/Users/Saleh/ProjKeTea/Projects/ece441_project/camera_using_external_memory_ece441_2026_02_V1_12/camera_using_external_memory/basys_constraints.xdc:20]
CRITICAL WARNING: [Common 17-69] Command failed: 'W14' is not a valid site or package pin name. [C:/Users/Saleh/ProjKeTea/Projects/ece441_project/camera_using_external_memory_ece441_2026_02_V1_12/camera_using_external_memory/basys_constraints.xdc:24]
CRITICAL WARNING: [Common 17-69] Command failed: 'W13' is not a valid site or package pin name. [C:/Users/Saleh/ProjKeTea/Projects/ece441_project/camera_using_external_memory_ece441_2026_02_V1_12/camera_using_external_memory/basys_constraints.xdc:26]
CRITICAL WARNING: [Common 17-69] Command failed: 'T2' is not a valid site or package pin name. [C:/Users/Saleh/ProjKeTea/Projects/ece441_project/camera_using_external_memory_ece441_2026_02_V1_12/camera_using_external_memory/basys_constraints.xdc:32]
CRITICAL WARNING: [Common 17-69] Command failed: 'W2' is not a valid site or package pin name. [C:/Users/Saleh/ProjKeTea/Projects/ece441_project/camera_using_external_memory_ece441_2026_02_V1_12/camera_using_external_memory/basys_constraints.xdc:36]
CRITICAL WARNING: [Common 17-69] Command failed: 'E19' is not a valid site or package pin name. [C:/Users/Saleh/ProjKeTea/Projects/ece441_project/camera_using_external_memory_ece441_2026_02_V1_12/camera_using_external_memory/basys_constraints.xdc:49]
CRITICAL WARNING: [Common 17-69] Command failed: 'U19' is not a valid site or package pin name. [C:/Users/Saleh/ProjKeTea/Projects/ece441_project/camera_using_external_memory_ece441_2026_02_V1_12/camera_using_external_memory/basys_constraints.xdc:51]
CRITICAL WARNING: [Common 17-69] Command failed: 'V19' is not a valid site or package pin name. [C:/Users/Saleh/ProjKeTea/Projects/ece441_project/camera_using_external_memory_ece441_2026_02_V1_12/camera_using_external_memory/basys_constraints.xdc:53]
CRITICAL WARNING: [Common 17-69] Command failed: 'W18' is not a valid site or package pin name. [C:/Users/Saleh/ProjKeTea/Projects/ece441_project/camera_using_external_memory_ece441_2026_02_V1_12/camera_using_external_memory/basys_constraints.xdc:55]
CRITICAL WARNING: [Common 17-69] Command failed: 'U15' is not a valid site or package pin name. [C:/Users/Saleh/ProjKeTea/Projects/ece441_project/camera_using_external_memory_ece441_2026_02_V1_12/camera_using_external_memory/basys_constraints.xdc:57]
CRITICAL WARNING: [Common 17-69] Command failed: 'V13' is not a valid site or package pin name. [C:/Users/Saleh/ProjKeTea/Projects/ece441_project/camera_using_external_memory_ece441_2026_02_V1_12/camera_using_external_memory/basys_constraints.xdc:63]
CRITICAL WARNING: [Common 17-69] Command failed: 'V3' is not a valid site or package pin name. [C:/Users/Saleh/ProjKeTea/Projects/ece441_project/camera_using_external_memory_ece441_2026_02_V1_12/camera_using_external_memory/basys_constraints.xdc:65]
CRITICAL WARNING: [Common 17-69] Command failed: 'W3' is not a valid site or package pin name. [C:/Users/Saleh/ProjKeTea/Projects/ece441_project/camera_using_external_memory_ece441_2026_02_V1_12/camera_using_external_memory/basys_constraints.xdc:67]
CRITICAL WARNING: [Common 17-69] Command failed: 'B15' is not a valid site or package pin name. [C:/Users/Saleh/ProjKeTea/Projects/ece441_project/camera_using_external_memory_ece441_2026_02_V1_12/camera_using_external_memory/basys_constraints.xdc:160]
CRITICAL WARNING: [Common 17-69] Command failed: 'A17' is not a valid site or package pin name. [C:/Users/Saleh/ProjKeTea/Projects/ece441_project/camera_using_external_memory_ece441_2026_02_V1_12/camera_using_external_memory/basys_constraints.xdc:169]
CRITICAL WARNING: [Common 17-69] Command failed: 'L17' is not a valid site or package pin name. [C:/Users/Saleh/ProjKeTea/Projects/ece441_project/camera_using_external_memory_ece441_2026_02_V1_12/camera_using_external_memory/basys_constraints.xdc:194]
CRITICAL WARNING: [Common 17-69] Command failed: 'M19' is not a valid site or package pin name. [C:/Users/Saleh/ProjKeTea/Projects/ece441_project/camera_using_external_memory_ece441_2026_02_V1_12/camera_using_external_memory/basys_constraints.xdc:197]
CRITICAL WARNING: [Common 17-69] Command failed: 'G19' is not a valid site or package pin name. [C:/Users/Saleh/ProjKeTea/Projects/ece441_project/camera_using_external_memory_ece441_2026_02_V1_12/camera_using_external_memory/basys_constraints.xdc:236]
CRITICAL WARNING: [Common 17-69] Command failed: 'H19' is not a valid site or package pin name. [C:/Users/Saleh/ProjKeTea/Projects/ece441_project/camera_using_external_memory_ece441_2026_02_V1_12/camera_using_external_memory/basys_constraints.xdc:238]
CRITICAL WARNING: [Common 17-69] Command failed: 'J19' is not a valid site or package pin name. [C:/Users/Saleh/ProjKeTea/Projects/ece441_project/camera_using_external_memory_ece441_2026_02_V1_12/camera_using_external_memory/basys_constraints.xdc:240]
CRITICAL WARNING: [Common 17-69] Command failed: 'N19' is not a valid site or package pin name. [C:/Users/Saleh/ProjKeTea/Projects/ece441_project/camera_using_external_memory_ece441_2026_02_V1_12/camera_using_external_memory/basys_constraints.xdc:242]
CRITICAL WARNING: [Common 17-69] Command failed: 'N18' is not a valid site or package pin name. [C:/Users/Saleh/ProjKeTea/Projects/ece441_project/camera_using_external_memory_ece441_2026_02_V1_12/camera_using_external_memory/basys_constraints.xdc:244]
CRITICAL WARNING: [Common 17-69] Command failed: 'P19' is not a valid site or package pin name. [C:/Users/Saleh/ProjKeTea/Projects/ece441_project/camera_using_external_memory_ece441_2026_02_V1_12/camera_using_external_memory/basys_constraints.xdc:260]
CRITICAL WARNING: [Common 17-69] Command failed: 'R19' is not a valid site or package pin name. [C:/Users/Saleh/ProjKeTea/Projects/ece441_project/camera_using_external_memory_ece441_2026_02_V1_12/camera_using_external_memory/basys_constraints.xdc:262]
CRITICAL WARNING: [Common 17-69] Command failed: 'D19' is not a valid site or package pin name. [C:/Users/Saleh/ProjKeTea/Projects/ece441_project/camera_using_external_memory_ece441_2026_02_V1_12/camera_using_external_memory/basys_constraints.xdc:287]
CRITICAL WARNING: [Common 17-69] Command failed: 'K19' is not a valid site or package pin name. [C:/Users/Saleh/ProjKeTea/Projects/ece441_project/camera_using_external_memory_ece441_2026_02_V1_12/camera_using_external_memory/basys_constraints.xdc:293]
Finished Parsing XDC File [C:/Users/Saleh/ProjKeTea/Projects/ece441_project/camera_using_external_memory_ece441_2026_02_V1_12/camera_using_external_memory/basys_constraints.xdc]
INFO: [Opt 31-138] Pushed 0 inverter(s) to 0 load pin(s).
Netlist sorting complete. Time (s): cpu = 00:00:00 ; elapsed = 00:00:00.007 . Memory (MB): peak = 1531.781 ; gain = 0.000
INFO: [Project 1-111] Unisim Transformation Summary:
  A total of 1024 instances were transformed.
  RAM16X1D => RAM32X1D (RAMD32(x2)): 1024 instances

13 Infos, 2 Warnings, 29 Critical Warnings and 0 Errors encountered.
link_design completed successfully
link_design: Time (s): cpu = 00:00:11 ; elapsed = 00:00:14 . Memory (MB): peak = 1531.781 ; gain = 976.832
Command: opt_design
Attempting to get a license for feature 'Implementation' and/or device 'xc7a100t'
INFO: [Common 17-349] Got license for feature 'Implementation' and/or device 'xc7a100t'
Running DRC as a precondition to command opt_design

Starting DRC Task
INFO: [DRC 23-27] Running DRC with 2 threads
INFO: [Project 1-461] DRC finished with 0 Errors, 1 Warnings
INFO: [Project 1-462] Please refer to the DRC report (report_drc) for more information.

Time (s): cpu = 00:00:01 ; elapsed = 00:00:00.829 . Memory (MB): peak = 1531.781 ; gain = 0.000

Starting Cache Timing Information Task
INFO: [Timing 38-35] Done setting XDC timing constraints.
Ending Cache Timing Information Task | Checksum: 33271ba28

Time (s): cpu = 00:00:01 ; elapsed = 00:00:00.558 . Memory (MB): peak = 1552.598 ; gain = 20.816

Starting Logic Optimization Task

Phase 1 Initialization

Phase 1.1 Core Generation And Design Setup
Phase 1.1 Core Generation And Design Setup | Checksum: 33271ba28

Time (s): cpu = 00:00:00 ; elapsed = 00:00:00.016 . Memory (MB): peak = 2010.652 ; gain = 0.000

Phase 1.2 Setup Constraints And Sort Netlist
Phase 1.2 Setup Constraints And Sort Netlist | Checksum: 33271ba28

Time (s): cpu = 00:00:00 ; elapsed = 00:00:00.031 . Memory (MB): peak = 2010.652 ; gain = 0.000
Phase 1 Initialization | Checksum: 33271ba28

Time (s): cpu = 00:00:00 ; elapsed = 00:00:00.033 . Memory (MB): peak = 2010.652 ; gain = 0.000

Phase 2 Timer Update And Timing Data Collection

Phase 2.1 Detect if minReqCache needed
Phase 2.1 Detect if minReqCache needed | Checksum: 33271ba28

Time (s): cpu = 00:00:00 ; elapsed = 00:00:00.055 . Memory (MB): peak = 2010.652 ; gain = 0.000

Phase 2.2 Timer Update
Phase 2.2 Timer Update | Checksum: 33271ba28

Time (s): cpu = 00:00:01 ; elapsed = 00:00:00.250 . Memory (MB): peak = 2010.652 ; gain = 0.000

Phase 2.3 Timing Data Collection
Phase 2.3 Timing Data Collection | Checksum: 33271ba28

Time (s): cpu = 00:00:01 ; elapsed = 00:00:00.272 . Memory (MB): peak = 2010.652 ; gain = 0.000
Phase 2 Timer Update And Timing Data Collection | Checksum: 33271ba28

Time (s): cpu = 00:00:01 ; elapsed = 00:00:00.275 . Memory (MB): peak = 2010.652 ; gain = 0.000

Phase 3 Retarget
INFO: [Opt 31-1851] Number of loadless carry chains removed were: 0
INFO: [Opt 31-1834] Total Chains To Be Transformed Were: 0 AND Number of Transformed insts Created are: 0
INFO: [Opt 31-1566] Pulled 4 inverters resulting in an inversion of 66 pins
INFO: [Opt 31-138] Pushed 0 inverter(s) to 0 load pin(s).
INFO: [Opt 31-49] Retargeted 0 cell(s).
Phase 3 Retarget | Checksum: 2427d0b17

Time (s): cpu = 00:00:01 ; elapsed = 00:00:00.460 . Memory (MB): peak = 2010.652 ; gain = 0.000
Retarget | Checksum: 2427d0b17
INFO: [Opt 31-389] Phase Retarget created 0 cells and removed 4 cells
INFO: [Opt 31-1021] In phase Retarget, 1 netlist objects are constrained preventing optimization. Please run opt_design with -debug_log to get more detail. 

Phase 4 Constant propagation
INFO: [Opt 31-138] Pushed 0 inverter(s) to 0 load pin(s).
Phase 4 Constant propagation | Checksum: 2427d0b17

Time (s): cpu = 00:00:01 ; elapsed = 00:00:00.547 . Memory (MB): peak = 2010.652 ; gain = 0.000
Constant propagation | Checksum: 2427d0b17
INFO: [Opt 31-389] Phase Constant propagation created 0 cells and removed 0 cells

Phase 5 Sweep
INFO: [Constraints 18-11670] Building netlist checker database with flags, 0x8
Done building netlist checker database: Time (s): cpu = 00:00:00 ; elapsed = 00:00:00.007 . Memory (MB): peak = 2010.652 ; gain = 0.000
INFO: [Constraints 18-11670] Building netlist checker database with flags, 0x8
Done building netlist checker database: Time (s): cpu = 00:00:00 ; elapsed = 00:00:00.008 . Memory (MB): peak = 2010.652 ; gain = 0.000
Phase 5 Sweep | Checksum: 305227425

Time (s): cpu = 00:00:01 ; elapsed = 00:00:00.845 . Memory (MB): peak = 2010.652 ; gain = 0.000
Sweep | Checksum: 305227425
INFO: [Opt 31-389] Phase Sweep created 0 cells and removed 16 cells

Phase 6 BUFG optimization
INFO: [Opt 31-194] Inserted BUFG clock_IBUF_BUFG_inst to drive 166 load(s) on clock net clock_IBUF_BUFG
INFO: [Opt 31-193] Inserted 1 BUFG(s) on clock nets
Phase 6 BUFG optimization | Checksum: 2dc33b9b3

Time (s): cpu = 00:00:02 ; elapsed = 00:00:00.978 . Memory (MB): peak = 2010.652 ; gain = 0.000
BUFG optimization | Checksum: 2dc33b9b3
INFO: [Opt 31-662] Phase BUFG optimization created 1 cells of which 1 are BUFGs and removed 0 cells.

Phase 7 Shift Register Optimization
INFO: [Opt 31-1064] SRL Remap converted 0 SRLs to 0 registers and converted 0 registers of register chains to 0 SRLs
Phase 7 Shift Register Optimization | Checksum: 2798e23ea

Time (s): cpu = 00:00:02 ; elapsed = 00:00:01 . Memory (MB): peak = 2010.652 ; gain = 0.000
Shift Register Optimization | Checksum: 2798e23ea
INFO: [Opt 31-389] Phase Shift Register Optimization created 0 cells and removed 0 cells

Phase 8 Post Processing Netlist
Phase 8 Post Processing Netlist | Checksum: 2ec2b332f

Time (s): cpu = 00:00:02 ; elapsed = 00:00:01 . Memory (MB): peak = 2010.652 ; gain = 0.000
Post Processing Netlist | Checksum: 2ec2b332f
INFO: [Opt 31-389] Phase Post Processing Netlist created 0 cells and removed 0 cells

Phase 9 Finalization

Phase 9.1 Finalizing Design Cores and Updating Shapes
Phase 9.1 Finalizing Design Cores and Updating Shapes | Checksum: 306c1965d

Time (s): cpu = 00:00:02 ; elapsed = 00:00:01 . Memory (MB): peak = 2010.652 ; gain = 0.000

Phase 9.2 Verifying Netlist Connectivity

Starting Connectivity Check Task

Time (s): cpu = 00:00:00 ; elapsed = 00:00:00.030 . Memory (MB): peak = 2010.652 ; gain = 0.000
Phase 9.2 Verifying Netlist Connectivity | Checksum: 306c1965d

Time (s): cpu = 00:00:02 ; elapsed = 00:00:01 . Memory (MB): peak = 2010.652 ; gain = 0.000
Phase 9 Finalization | Checksum: 306c1965d

Time (s): cpu = 00:00:02 ; elapsed = 00:00:01 . Memory (MB): peak = 2010.652 ; gain = 0.000
Opt_design Change Summary
=========================


-------------------------------------------------------------------------------------------------------------------------
|  Phase                        |  #Cells created  |  #Cells Removed  |  #Constrained objects preventing optimizations  |
-------------------------------------------------------------------------------------------------------------------------
|  Retarget                     |               0  |               4  |                                              1  |
|  Constant propagation         |               0  |               0  |                                              0  |
|  Sweep                        |               0  |              16  |                                              0  |
|  BUFG optimization            |               1  |               0  |                                              0  |
|  Shift Register Optimization  |               0  |               0  |                                              0  |
|  Post Processing Netlist      |               0  |               0  |                                              0  |
-------------------------------------------------------------------------------------------------------------------------


Ending Logic Optimization Task | Checksum: 306c1965d

Time (s): cpu = 00:00:02 ; elapsed = 00:00:01 . Memory (MB): peak = 2010.652 ; gain = 0.000

Starting Power Optimization Task
INFO: [Pwropt 34-132] Skipping clock gating for clocks with a period < 2.00 ns.
INFO: [Power 33-23] Power model is not available for STARTUPE2_inst
INFO: [Pwropt 34-9] Applying IDT optimizations ...
INFO: [Timing 38-35] Done setting XDC timing constraints.
INFO: [Pwropt 34-10] Applying ODC optimizations ...
Running Vector-less Activity Propagation...

Finished Running Vector-less Activity Propagation


Starting PowerOpt Patch Enables Task
INFO: [Pwropt 34-162] WRITE_MODE attribute of 0 BRAM(s) out of a total of 12 has been updated to save power. Run report_power_opt to get a complete listing of the BRAMs updated.
INFO: [Pwropt 34-201] Structural ODC has moved 0 WE to EN ports
Number of BRAM Ports augmented: 12 newly gated: 0 Total Ports: 24
Ending PowerOpt Patch Enables Task | Checksum: 3105fbd9f

Time (s): cpu = 00:00:00 ; elapsed = 00:00:00.093 . Memory (MB): peak = 2010.652 ; gain = 0.000
Ending Power Optimization Task | Checksum: 3105fbd9f

Time (s): cpu = 00:00:06 ; elapsed = 00:00:03 . Memory (MB): peak = 2010.652 ; gain = 0.000

Starting Final Cleanup Task
Ending Final Cleanup Task | Checksum: 3105fbd9f

Time (s): cpu = 00:00:00 ; elapsed = 00:00:00.004 . Memory (MB): peak = 2010.652 ; gain = 0.000
Netlist sorting complete. Time (s): cpu = 00:00:00 ; elapsed = 00:00:00.015 . Memory (MB): peak = 2010.652 ; gain = 0.000
INFO: [Common 17-83] Releasing license: Implementation
44 Infos, 2 Warnings, 29 Critical Warnings and 0 Errors encountered.
opt_design completed successfully
opt_design: Time (s): cpu = 00:00:13 ; elapsed = 00:00:10 . Memory (MB): peak = 2010.652 ; gain = 478.871
INFO: [Vivado 12-24828] Executing command : report_drc -file camera_drc_opted.rpt -pb camera_drc_opted.pb -rpx camera_drc_opted.rpx
Command: report_drc -file camera_drc_opted.rpt -pb camera_drc_opted.pb -rpx camera_drc_opted.rpx
INFO: [IP_Flow 19-1839] IP Catalog is up to date.
INFO: [DRC 23-27] Running DRC with 2 threads
INFO: [Vivado_Tcl 2-168] The results of DRC are in file C:/Users/Saleh/ProjKeTea/Projects/ece441_project/camera_using_external_memory_ece441_2026_02_V1_12/camera_using_external_memory/camera_using_external_memory.runs/impl_1/camera_drc_opted.rpt.
report_drc completed successfully
INFO: [Timing 38-480] Writing timing data to binary archive.
Wrote PlaceDB: Time (s): cpu = 00:00:00 ; elapsed = 00:00:00 . Memory (MB): peak = 2010.652 ; gain = 0.000
Wrote PulsedLatchDB: Time (s): cpu = 00:00:00 ; elapsed = 00:00:00 . Memory (MB): peak = 2010.652 ; gain = 0.000
Writing XDEF routing.
Writing XDEF routing logical nets.
Write ShapeDB Complete: Time (s): cpu = 00:00:00 ; elapsed = 00:00:00.028 . Memory (MB): peak = 2010.652 ; gain = 0.000
Writing XDEF routing special nets.
Wrote RouteStorage: Time (s): cpu = 00:00:00 ; elapsed = 00:00:00.033 . Memory (MB): peak = 2010.652 ; gain = 0.000
Wrote PlaceStorage: Time (s): cpu = 00:00:00 ; elapsed = 00:00:00.002 . Memory (MB): peak = 2010.652 ; gain = 0.000
Wrote Netlist Cache: Time (s): cpu = 00:00:00 ; elapsed = 00:00:00.001 . Memory (MB): peak = 2010.652 ; gain = 0.000
Wrote Device Cache: Time (s): cpu = 00:00:00 ; elapsed = 00:00:00.006 . Memory (MB): peak = 2010.652 ; gain = 0.000
Write Physdb Complete: Time (s): cpu = 00:00:00 ; elapsed = 00:00:00.064 . Memory (MB): peak = 2010.652 ; gain = 0.000
INFO: [Common 17-1381] The checkpoint 'C:/Users/Saleh/ProjKeTea/Projects/ece441_project/camera_using_external_memory_ece441_2026_02_V1_12/camera_using_external_memory/camera_using_external_memory.runs/impl_1/camera_opt.dcp' has been generated.
Command: place_design
Attempting to get a license for feature 'Implementation' and/or device 'xc7a100t'
INFO: [Common 17-349] Got license for feature 'Implementation' and/or device 'xc7a100t'
INFO: [Common 17-83] Releasing license: Implementation
INFO: [DRC 23-27] Running DRC with 2 threads
INFO: [Vivado_Tcl 4-198] DRC finished with 0 Errors
INFO: [Vivado_Tcl 4-199] Please refer to the DRC report (report_drc) for more information.
INFO: [Timing 38-35] Done setting XDC timing constraints.
Running DRC as a precondition to command place_design
INFO: [DRC 23-27] Running DRC with 2 threads
INFO: [Vivado_Tcl 4-198] DRC finished with 0 Errors, 1 Warnings
INFO: [Vivado_Tcl 4-199] Please refer to the DRC report (report_drc) for more information.
INFO: [Place 30-611] Multithreading enabled for place_design using a maximum of 2 CPUs

Starting Placer Task

Phase 1 Placer Initialization

Phase 1.1 Placer Initialization Netlist Sorting
Netlist sorting complete. Time (s): cpu = 00:00:00 ; elapsed = 00:00:00.009 . Memory (MB): peak = 2010.652 ; gain = 0.000
Phase 1.1 Placer Initialization Netlist Sorting | Checksum: 25a936662

Time (s): cpu = 00:00:00 ; elapsed = 00:00:00.015 . Memory (MB): peak = 2010.652 ; gain = 0.000
Netlist sorting complete. Time (s): cpu = 00:00:00 ; elapsed = 00:00:00.008 . Memory (MB): peak = 2010.652 ; gain = 0.000

Phase 1.2 IO Placement/ Clock Placement/ Build Placer Device
WARNING: [Place 30-87] Partially locked IO Bus is found. Following components of the IO Bus filter_options are not locked:  'filter_options[2]'  'filter_options[1]' 
WARNING: [Place 30-87] Partially locked IO Bus is found. Following components of the IO Bus ov7670_data are not locked:  'ov7670_data[5]'  'ov7670_data[4]' 
WARNING: [Place 30-87] Partially locked IO Bus is found. Following components of the IO Bus ov7670_drive are not locked:  'ov7670_drive[1]' 
WARNING: [Place 30-87] Partially locked IO Bus is found. Following components of the IO Bus state_machine_status are not locked:  'state_machine_status[10]'  'state_machine_status[9]'  'state_machine_status[8]'  'state_machine_status[5]'  'state_machine_status[4]'  'state_machine_status[3]'  'state_machine_status[2]'  'state_machine_status[1]' 
WARNING: [Place 30-87] Partially locked IO Bus is found. Following components of the IO Bus vga_blue are not locked:  'vga_blue[0]' 
WARNING: [Place 30-568] A LUT 'camera_video/debounce_video_source/CamWriteEnable_i_1' is driving clock pin of 1 registers. This could lead to large hold time violations. First few involved registers are:
	camera_video/CamWriteEnable_reg {FDRE}
Phase 1.2 IO Placement/ Clock Placement/ Build Placer Device | Checksum: 174179187

Time (s): cpu = 00:00:04 ; elapsed = 00:00:03 . Memory (MB): peak = 2010.652 ; gain = 0.000

Phase 1.3 Build Placer Netlist Model
Phase 1.3 Build Placer Netlist Model | Checksum: 224397c7e

Time (s): cpu = 00:00:08 ; elapsed = 00:00:06 . Memory (MB): peak = 2010.652 ; gain = 0.000

Phase 1.4 Constrain Clocks/Macros
Phase 1.4 Constrain Clocks/Macros | Checksum: 224397c7e

Time (s): cpu = 00:00:08 ; elapsed = 00:00:06 . Memory (MB): peak = 2010.652 ; gain = 0.000
Phase 1 Placer Initialization | Checksum: 224397c7e

Time (s): cpu = 00:00:08 ; elapsed = 00:00:06 . Memory (MB): peak = 2010.652 ; gain = 0.000

Phase 2 Global Placement

Phase 2.1 Floorplanning
Phase 2.1 Floorplanning | Checksum: 1fb3dfb80

Time (s): cpu = 00:00:09 ; elapsed = 00:00:06 . Memory (MB): peak = 2010.652 ; gain = 0.000

Phase 2.2 Update Timing before SLR Path Opt
Phase 2.2 Update Timing before SLR Path Opt | Checksum: 1be23350e

Time (s): cpu = 00:00:09 ; elapsed = 00:00:06 . Memory (MB): peak = 2010.652 ; gain = 0.000

Phase 2.3 Post-Processing in Floorplanning
Phase 2.3 Post-Processing in Floorplanning | Checksum: 1be23350e

Time (s): cpu = 00:00:09 ; elapsed = 00:00:06 . Memory (MB): peak = 2010.652 ; gain = 0.000

Phase 2.4 Global Place Phase1
Phase 2.4 Global Place Phase1 | Checksum: 20308c1a4

Time (s): cpu = 00:00:18 ; elapsed = 00:00:12 . Memory (MB): peak = 2010.652 ; gain = 0.000

Phase 2.5 Global Place Phase2

Phase 2.5.1 UpdateTiming Before Physical Synthesis
Phase 2.5.1 UpdateTiming Before Physical Synthesis | Checksum: 20308c1a4

Time (s): cpu = 00:00:20 ; elapsed = 00:00:13 . Memory (MB): peak = 2010.652 ; gain = 0.000

Phase 2.5.2 Physical Synthesis In Placer
INFO: [Physopt 32-1035] Found 0 LUTNM shape to break, 1187 LUT instances to create LUTNM shape
INFO: [Physopt 32-1044] Break lutnm for timing: one critical 0, two critical 0, total 0, new lutff created 0
INFO: [Physopt 32-1138] End 1 Pass. Optimized 523 nets or LUTs. Breaked 0 LUT, combined 523 existing LUTs and moved 0 existing LUT
INFO: [Physopt 32-65] No nets found for high-fanout optimization.
INFO: [Physopt 32-232] Optimized 0 net. Created 0 new instance.
INFO: [Physopt 32-775] End 1 Pass. Optimized 0 net or cell. Created 0 new cell, deleted 0 existing cell and moved 0 existing cell
INFO: [Physopt 32-670] No setup violation found.  DSP Register Optimization was not performed.
INFO: [Physopt 32-670] No setup violation found.  Shift Register to Pipeline Optimization was not performed.
INFO: [Physopt 32-670] No setup violation found.  Shift Register Optimization was not performed.
INFO: [Physopt 32-670] No setup violation found.  BRAM Register Optimization was not performed.
INFO: [Physopt 32-670] No setup violation found.  URAM Register Optimization was not performed.
INFO: [Physopt 32-949] No candidate nets found for dynamic/static region interface net replication
INFO: [Physopt 32-775] End 1 Pass. Optimized 0 net or cell. Created 0 new cell, deleted 0 existing cell and moved 0 existing cell
Netlist sorting complete. Time (s): cpu = 00:00:00 ; elapsed = 00:00:00.010 . Memory (MB): peak = 2010.652 ; gain = 0.000

Summary of Physical Synthesis Optimizations
============================================


-----------------------------------------------------------------------------------------------------------------------------------------------------------
|  Optimization                                     |  Added Cells  |  Removed Cells  |  Optimized Cells/Nets  |  Dont Touch  |  Iterations  |  Elapsed   |
-----------------------------------------------------------------------------------------------------------------------------------------------------------
|  LUT Combining                                    |            0  |            523  |                   523  |           0  |           1  |  00:00:01  |
|  Retime                                           |            0  |              0  |                     0  |           0  |           1  |  00:00:00  |
|  Very High Fanout                                 |            0  |              0  |                     0  |           0  |           1  |  00:00:00  |
|  DSP Register                                     |            0  |              0  |                     0  |           0  |           0  |  00:00:00  |
|  Shift Register to Pipeline                       |            0  |              0  |                     0  |           0  |           0  |  00:00:00  |
|  Shift Register                                   |            0  |              0  |                     0  |           0  |           0  |  00:00:00  |
|  BRAM Register                                    |            0  |              0  |                     0  |           0  |           0  |  00:00:00  |
|  URAM Register                                    |            0  |              0  |                     0  |           0  |           0  |  00:00:00  |
|  Dynamic/Static Region Interface Net Replication  |            0  |              0  |                     0  |           0  |           1  |  00:00:00  |
|  Total                                            |            0  |            523  |                   523  |           0  |           4  |  00:00:01  |
-----------------------------------------------------------------------------------------------------------------------------------------------------------


Phase 2.5.2 Physical Synthesis In Placer | Checksum: 254c16221

Time (s): cpu = 00:00:21 ; elapsed = 00:00:15 . Memory (MB): peak = 2010.652 ; gain = 0.000
Phase 2.5 Global Place Phase2 | Checksum: 25110ac21

Time (s): cpu = 00:00:22 ; elapsed = 00:00:15 . Memory (MB): peak = 2010.652 ; gain = 0.000
Phase 2 Global Placement | Checksum: 25110ac21

Time (s): cpu = 00:00:22 ; elapsed = 00:00:15 . Memory (MB): peak = 2010.652 ; gain = 0.000

Phase 3 Detail Placement

Phase 3.1 Commit Multi Column Macros
Phase 3.1 Commit Multi Column Macros | Checksum: 2736466cd

Time (s): cpu = 00:00:22 ; elapsed = 00:00:15 . Memory (MB): peak = 2010.652 ; gain = 0.000

Phase 3.2 Commit Most Macros & LUTRAMs
Phase 3.2 Commit Most Macros & LUTRAMs | Checksum: 2ddfc36c7

Time (s): cpu = 00:00:24 ; elapsed = 00:00:17 . Memory (MB): peak = 2010.652 ; gain = 0.000

Phase 3.3 Area Swap Optimization
Phase 3.3 Area Swap Optimization | Checksum: 318e4591c

Time (s): cpu = 00:00:24 ; elapsed = 00:00:17 . Memory (MB): peak = 2010.652 ; gain = 0.000

Phase 3.4 Pipeline Register Optimization
Phase 3.4 Pipeline Register Optimization | Checksum: 2de5320f1

Time (s): cpu = 00:00:24 ; elapsed = 00:00:17 . Memory (MB): peak = 2010.652 ; gain = 0.000

Phase 3.5 Small Shape Detail Placement
Phase 3.5 Small Shape Detail Placement | Checksum: 29922c621

Time (s): cpu = 00:00:29 ; elapsed = 00:00:22 . Memory (MB): peak = 2010.652 ; gain = 0.000

Phase 3.6 Re-assign LUT pins
Phase 3.6 Re-assign LUT pins | Checksum: 289d66abd

Time (s): cpu = 00:00:30 ; elapsed = 00:00:23 . Memory (MB): peak = 2010.652 ; gain = 0.000

Phase 3.7 Pipeline Register Optimization
Phase 3.7 Pipeline Register Optimization | Checksum: 23b673292

Time (s): cpu = 00:00:30 ; elapsed = 00:00:23 . Memory (MB): peak = 2010.652 ; gain = 0.000
Phase 3 Detail Placement | Checksum: 23b673292

Time (s): cpu = 00:00:30 ; elapsed = 00:00:23 . Memory (MB): peak = 2010.652 ; gain = 0.000

Phase 4 Post Placement Optimization and Clean-Up

Phase 4.1 Post Commit Optimization
INFO: [Timing 38-35] Done setting XDC timing constraints.

Phase 4.1.1 Post Placement Optimization
Post Placement Optimization Initialization | Checksum: 2e9900602

Phase 4.1.1.1 BUFG Insertion

Starting Physical Synthesis Task

Phase 1 Physical Synthesis Initialization
INFO: [Physopt 32-721] Multithreading enabled for phys_opt_design using a maximum of 2 CPUs
INFO: [Physopt 32-619] Estimated Timing Summary | WNS=1.236 | TNS=0.000 |
Phase 1 Physical Synthesis Initialization | Checksum: 23a1d9152

Time (s): cpu = 00:00:00 ; elapsed = 00:00:00.222 . Memory (MB): peak = 2010.652 ; gain = 0.000
INFO: [Place 46-33] Processed net camera_status/initialize_oled_display.graphics_row[0]_i_1_n_0, BUFG insertion was skipped due to placement/routing conflicts.
INFO: [Place 46-56] BUFG insertion identified 1 candidate nets. Inserted BUFG: 0, Replicated BUFG Driver: 0, Skipped due to Placement/Routing Conflicts: 1, Skipped due to Timing Degradation: 0, Skipped due to netlist editing failed: 0.
Ending Physical Synthesis Task | Checksum: 2e5d296b7

Time (s): cpu = 00:00:00 ; elapsed = 00:00:00.362 . Memory (MB): peak = 2010.652 ; gain = 0.000
Phase 4.1.1.1 BUFG Insertion | Checksum: 2e9900602

Time (s): cpu = 00:00:35 ; elapsed = 00:00:27 . Memory (MB): peak = 2010.652 ; gain = 0.000

Phase 4.1.1.2 Post Placement Timing Optimization
INFO: [Place 30-746] Post Placement Timing Summary WNS=1.236. For the most accurate timing information please run report_timing.
Phase 4.1.1.2 Post Placement Timing Optimization | Checksum: 2ba79316b

Time (s): cpu = 00:00:35 ; elapsed = 00:00:27 . Memory (MB): peak = 2010.652 ; gain = 0.000

Time (s): cpu = 00:00:35 ; elapsed = 00:00:27 . Memory (MB): peak = 2010.652 ; gain = 0.000
Phase 4.1 Post Commit Optimization | Checksum: 2ba79316b

Time (s): cpu = 00:00:35 ; elapsed = 00:00:27 . Memory (MB): peak = 2010.652 ; gain = 0.000

Phase 4.2 Post Placement Cleanup
Phase 4.2 Post Placement Cleanup | Checksum: 2ba79316b

Time (s): cpu = 00:00:36 ; elapsed = 00:00:27 . Memory (MB): peak = 2010.652 ; gain = 0.000

Phase 4.3 Placer Reporting

Phase 4.3.1 Print Estimated Congestion
INFO: [Place 30-612] Post-Placement Estimated Congestion 
 ____________________________________________________
|           | Global Congestion | Short Congestion  |
| Direction | Region Size       | Region Size       |
|___________|___________________|___________________|
|      North|                1x1|                1x1|
|___________|___________________|___________________|
|      South|                1x1|                2x2|
|___________|___________________|___________________|
|       East|                1x1|                1x1|
|___________|___________________|___________________|
|       West|                1x1|                1x1|
|___________|___________________|___________________|

Phase 4.3.1 Print Estimated Congestion | Checksum: 2ba79316b

Time (s): cpu = 00:00:36 ; elapsed = 00:00:27 . Memory (MB): peak = 2010.652 ; gain = 0.000
Phase 4.3 Placer Reporting | Checksum: 2ba79316b

Time (s): cpu = 00:00:36 ; elapsed = 00:00:27 . Memory (MB): peak = 2010.652 ; gain = 0.000

Phase 4.4 Final Placement Cleanup
Netlist sorting complete. Time (s): cpu = 00:00:00 ; elapsed = 00:00:00.031 . Memory (MB): peak = 2010.652 ; gain = 0.000

Time (s): cpu = 00:00:36 ; elapsed = 00:00:27 . Memory (MB): peak = 2010.652 ; gain = 0.000
Phase 4 Post Placement Optimization and Clean-Up | Checksum: 2d989f66f

Time (s): cpu = 00:00:36 ; elapsed = 00:00:27 . Memory (MB): peak = 2010.652 ; gain = 0.000
Ending Placer Task | Checksum: 235d15c77

Time (s): cpu = 00:00:36 ; elapsed = 00:00:28 . Memory (MB): peak = 2010.652 ; gain = 0.000
80 Infos, 8 Warnings, 29 Critical Warnings and 0 Errors encountered.
place_design completed successfully
place_design: Time (s): cpu = 00:00:38 ; elapsed = 00:00:29 . Memory (MB): peak = 2010.652 ; gain = 0.000
INFO: [Vivado 12-24838] Running report commands "report_control_sets, report_io, report_utilization" in parallel.
Running report generation with 2 threads.
INFO: [Vivado 12-24828] Executing command : report_io -file camera_io_placed.rpt
report_io: Time (s): cpu = 00:00:00 ; elapsed = 00:00:00.142 . Memory (MB): peak = 2010.652 ; gain = 0.000
INFO: [Vivado 12-24828] Executing command : report_utilization -file camera_utilization_placed.rpt -pb camera_utilization_placed.pb
INFO: [Vivado 12-24828] Executing command : report_control_sets -verbose -file camera_control_sets_placed.rpt
report_control_sets: Time (s): cpu = 00:00:01 ; elapsed = 00:00:00.149 . Memory (MB): peak = 2010.652 ; gain = 0.000
INFO: [Timing 38-480] Writing timing data to binary archive.
Wrote PlaceDB: Time (s): cpu = 00:00:00 ; elapsed = 00:00:00 . Memory (MB): peak = 2010.652 ; gain = 0.000
Wrote PulsedLatchDB: Time (s): cpu = 00:00:00 ; elapsed = 00:00:00 . Memory (MB): peak = 2010.652 ; gain = 0.000
Writing XDEF routing.
Writing XDEF routing logical nets.
Write ShapeDB Complete: Time (s): cpu = 00:00:00 ; elapsed = 00:00:00.043 . Memory (MB): peak = 2010.652 ; gain = 0.000
Writing XDEF routing special nets.
Wrote RouteStorage: Time (s): cpu = 00:00:00 ; elapsed = 00:00:00.038 . Memory (MB): peak = 2010.652 ; gain = 0.000
Wrote PlaceStorage: Time (s): cpu = 00:00:02 ; elapsed = 00:00:00.688 . Memory (MB): peak = 2010.652 ; gain = 0.000
Wrote Netlist Cache: Time (s): cpu = 00:00:00 ; elapsed = 00:00:00.023 . Memory (MB): peak = 2010.652 ; gain = 0.000
Wrote Device Cache: Time (s): cpu = 00:00:00 ; elapsed = 00:00:00.007 . Memory (MB): peak = 2010.652 ; gain = 0.000
Write Physdb Complete: Time (s): cpu = 00:00:02 ; elapsed = 00:00:00.787 . Memory (MB): peak = 2010.652 ; gain = 0.000
INFO: [Common 17-1381] The checkpoint 'C:/Users/Saleh/ProjKeTea/Projects/ece441_project/camera_using_external_memory_ece441_2026_02_V1_12/camera_using_external_memory/camera_using_external_memory.runs/impl_1/camera_placed.dcp' has been generated.
Command: phys_opt_design
Attempting to get a license for feature 'Implementation' and/or device 'xc7a100t'
INFO: [Common 17-349] Got license for feature 'Implementation' and/or device 'xc7a100t'

Starting Initial Update Timing Task

Time (s): cpu = 00:00:04 ; elapsed = 00:00:02 . Memory (MB): peak = 2010.652 ; gain = 0.000
INFO: [Vivado_Tcl 4-2279] Estimated Timing Summary | WNS= 1.236 | TNS= 0.000 | 
INFO: [Vivado_Tcl 4-383] Design worst setup slack (WNS) is greater than or equal to 0.000 ns. All physical synthesis setup optimizations will be skipped.
INFO: [Vivado_Tcl 4-232] No setup violation found. The netlist was not modified.
INFO: [Common 17-83] Releasing license: Implementation
91 Infos, 8 Warnings, 29 Critical Warnings and 0 Errors encountered.
phys_opt_design completed successfully
INFO: [Timing 38-480] Writing timing data to binary archive.
Wrote PlaceDB: Time (s): cpu = 00:00:00 ; elapsed = 00:00:00 . Memory (MB): peak = 2010.652 ; gain = 0.000
Wrote PulsedLatchDB: Time (s): cpu = 00:00:00 ; elapsed = 00:00:00 . Memory (MB): peak = 2010.652 ; gain = 0.000
Writing XDEF routing.
Writing XDEF routing logical nets.
Writing XDEF routing special nets.
Wrote RouteStorage: Time (s): cpu = 00:00:00 ; elapsed = 00:00:00.038 . Memory (MB): peak = 2010.652 ; gain = 0.000
Write ShapeDB Complete: Time (s): cpu = 00:00:00 ; elapsed = 00:00:00.060 . Memory (MB): peak = 2010.652 ; gain = 0.000
Wrote PlaceStorage: Time (s): cpu = 00:00:02 ; elapsed = 00:00:00.667 . Memory (MB): peak = 2010.652 ; gain = 0.000
Wrote Netlist Cache: Time (s): cpu = 00:00:00 ; elapsed = 00:00:00.023 . Memory (MB): peak = 2010.652 ; gain = 0.000
Wrote Device Cache: Time (s): cpu = 00:00:00 ; elapsed = 00:00:00.008 . Memory (MB): peak = 2010.652 ; gain = 0.000
Write Physdb Complete: Time (s): cpu = 00:00:02 ; elapsed = 00:00:00.769 . Memory (MB): peak = 2010.652 ; gain = 0.000
INFO: [Common 17-1381] The checkpoint 'C:/Users/Saleh/ProjKeTea/Projects/ece441_project/camera_using_external_memory_ece441_2026_02_V1_12/camera_using_external_memory/camera_using_external_memory.runs/impl_1/camera_physopt.dcp' has been generated.
Command: route_design
Attempting to get a license for feature 'Implementation' and/or device 'xc7a100t'
INFO: [Common 17-349] Got license for feature 'Implementation' and/or device 'xc7a100t'


Starting Routing Task
INFO: [Route 35-254] Multithreading enabled for route_design using a maximum of 2 CPUs

Phase 1 Build RT Design
Checksum: PlaceDB: ccb2145e ConstDB: 0 ShapeSum: b74ce883 RouteDB: b1d25f96
Post Restoration Checksum: NetGraph: a99f4f72 | NumContArr: 4653283e | Constraints: c2a8fa9d | Timing: c2a8fa9d
Phase 1 Build RT Design | Checksum: 275446cea

Time (s): cpu = 00:00:33 ; elapsed = 00:00:27 . Memory (MB): peak = 2010.652 ; gain = 0.000

Phase 2 Router Initialization

Phase 2.1 Fix Topology Constraints
Phase 2.1 Fix Topology Constraints | Checksum: 275446cea

Time (s): cpu = 00:00:33 ; elapsed = 00:00:27 . Memory (MB): peak = 2010.652 ; gain = 0.000

Phase 2.2 Pre Route Cleanup
Phase 2.2 Pre Route Cleanup | Checksum: 275446cea

Time (s): cpu = 00:00:33 ; elapsed = 00:00:27 . Memory (MB): peak = 2010.652 ; gain = 0.000
 Number of Nodes with overlaps = 0

Phase 2.3 Update Timing
Phase 2.3 Update Timing | Checksum: 1445da1a6

Time (s): cpu = 00:00:39 ; elapsed = 00:00:32 . Memory (MB): peak = 2010.652 ; gain = 0.000
INFO: [Route 35-416] Intermediate Timing Summary | WNS=1.305  | TNS=0.000  | WHS=-0.184 | THS=-5.359 |


Phase 2.4 Soft Constraint Pins - Fast Budgeting
Phase 2.4 Soft Constraint Pins - Fast Budgeting | Checksum: 13169e0a7

Time (s): cpu = 00:00:40 ; elapsed = 00:00:32 . Memory (MB): peak = 2010.652 ; gain = 0.000

Router Utilization Summary
  Global Vertical Routing Utilization    = 0.0159725 %
  Global Horizontal Routing Utilization  = 0.00845411 %
  Routable Net Status*
  *Does not include unroutable nets such as driverless and loadless.
  Run report_route_status for detailed report.
  Number of Failed Nets               = 10741
    (Failed Nets is the sum of unrouted and partially routed nets)
  Number of Unrouted Nets             = 10736
  Number of Partially Routed Nets     = 5
  Number of Node Overlaps             = 2

Phase 2 Router Initialization | Checksum: 1a80a7796

Time (s): cpu = 00:00:41 ; elapsed = 00:00:33 . Memory (MB): peak = 2010.652 ; gain = 0.000

Phase 3 Global Routing
Phase 3 Global Routing | Checksum: 1a80a7796

Time (s): cpu = 00:00:41 ; elapsed = 00:00:33 . Memory (MB): peak = 2010.652 ; gain = 0.000

Phase 4 Initial Routing

Phase 4.1 Initial Net Routing Pass
Phase 4.1 Initial Net Routing Pass | Checksum: 2858ed0a0

Time (s): cpu = 00:00:44 ; elapsed = 00:00:34 . Memory (MB): peak = 2010.652 ; gain = 0.000
Phase 4 Initial Routing | Checksum: 2858ed0a0

Time (s): cpu = 00:00:44 ; elapsed = 00:00:34 . Memory (MB): peak = 2010.652 ; gain = 0.000

Phase 5 Rip-up And Reroute

Phase 5.1 Global Iteration 0
 Number of Nodes with overlaps = 655
 Number of Nodes with overlaps = 2
 Number of Nodes with overlaps = 1
 Number of Nodes with overlaps = 0
INFO: [Route 35-416] Intermediate Timing Summary | WNS=1.064  | TNS=0.000  | WHS=N/A    | THS=N/A    |

Phase 5.1 Global Iteration 0 | Checksum: 280336f7d

Time (s): cpu = 00:00:50 ; elapsed = 00:00:39 . Memory (MB): peak = 2010.652 ; gain = 0.000
Phase 5 Rip-up And Reroute | Checksum: 280336f7d

Time (s): cpu = 00:00:50 ; elapsed = 00:00:39 . Memory (MB): peak = 2010.652 ; gain = 0.000

Phase 6 Delay and Skew Optimization

Phase 6.1 Delay CleanUp

Phase 6.1.1 Update Timing
Phase 6.1.1 Update Timing | Checksum: 1fe3949cf

Time (s): cpu = 00:00:50 ; elapsed = 00:00:39 . Memory (MB): peak = 2010.652 ; gain = 0.000
INFO: [Route 35-416] Intermediate Timing Summary | WNS=1.071  | TNS=0.000  | WHS=N/A    | THS=N/A    |

Phase 6.1 Delay CleanUp | Checksum: 1fe3949cf

Time (s): cpu = 00:00:50 ; elapsed = 00:00:39 . Memory (MB): peak = 2010.652 ; gain = 0.000

Phase 6.2 Clock Skew Optimization
Phase 6.2 Clock Skew Optimization | Checksum: 1fe3949cf

Time (s): cpu = 00:00:50 ; elapsed = 00:00:39 . Memory (MB): peak = 2010.652 ; gain = 0.000
Phase 6 Delay and Skew Optimization | Checksum: 1fe3949cf

Time (s): cpu = 00:00:50 ; elapsed = 00:00:39 . Memory (MB): peak = 2010.652 ; gain = 0.000

Phase 7 Post Hold Fix

Phase 7.1 Hold Fix Iter
INFO: [Route 35-416] Intermediate Timing Summary | WNS=1.071  | TNS=0.000  | WHS=0.051  | THS=0.000  |

Phase 7.1 Hold Fix Iter | Checksum: 1c5c2606f

Time (s): cpu = 00:00:51 ; elapsed = 00:00:39 . Memory (MB): peak = 2010.652 ; gain = 0.000
Phase 7 Post Hold Fix | Checksum: 1c5c2606f

Time (s): cpu = 00:00:51 ; elapsed = 00:00:39 . Memory (MB): peak = 2010.652 ; gain = 0.000

Phase 8 Route finalize

Router Utilization Summary
  Global Vertical Routing Utilization    = 2.33312 %
  Global Horizontal Routing Utilization  = 2.43088 %
  Routable Net Status*
  *Does not include unroutable nets such as driverless and loadless.
  Run report_route_status for detailed report.
  Number of Failed Nets               = 0
    (Failed Nets is the sum of unrouted and partially routed nets)
  Number of Unrouted Nets             = 0
  Number of Partially Routed Nets     = 0
  Number of Node Overlaps             = 0

Phase 8 Route finalize | Checksum: 1c5c2606f

Time (s): cpu = 00:00:51 ; elapsed = 00:00:39 . Memory (MB): peak = 2010.652 ; gain = 0.000

Phase 9 Verifying routed nets

 Verification completed successfully
Phase 9 Verifying routed nets | Checksum: 1c5c2606f

Time (s): cpu = 00:00:51 ; elapsed = 00:00:39 . Memory (MB): peak = 2010.652 ; gain = 0.000

Phase 10 Depositing Routes
Phase 10 Depositing Routes | Checksum: 1e7cf2dff

Time (s): cpu = 00:00:53 ; elapsed = 00:00:41 . Memory (MB): peak = 2010.652 ; gain = 0.000

Phase 11 Post Process Routing
Phase 11 Post Process Routing | Checksum: 1e7cf2dff

Time (s): cpu = 00:00:53 ; elapsed = 00:00:41 . Memory (MB): peak = 2010.652 ; gain = 0.000

Phase 12 Post Router Timing
INFO: [Route 35-57] Estimated Timing Summary | WNS=1.071  | TNS=0.000  | WHS=0.051  | THS=0.000  |

INFO: [Route 35-327] The final timing numbers are based on the router estimated timing analysis. For a complete and accurate timing signoff, please run report_timing_summary.
Phase 12 Post Router Timing | Checksum: 1e7cf2dff

Time (s): cpu = 00:00:53 ; elapsed = 00:00:41 . Memory (MB): peak = 2010.652 ; gain = 0.000
Total Elapsed time in route_design: 41.067 secs

Phase 13 Post-Route Event Processing
Phase 13 Post-Route Event Processing | Checksum: 131bcb390

Time (s): cpu = 00:00:53 ; elapsed = 00:00:41 . Memory (MB): peak = 2010.652 ; gain = 0.000
INFO: [Route 35-16] Router Completed Successfully
Ending Routing Task | Checksum: 131bcb390

Time (s): cpu = 00:00:53 ; elapsed = 00:00:41 . Memory (MB): peak = 2010.652 ; gain = 0.000

Routing Is Done.
INFO: [Common 17-83] Releasing license: Implementation
103 Infos, 8 Warnings, 29 Critical Warnings and 0 Errors encountered.
route_design completed successfully
route_design: Time (s): cpu = 00:00:53 ; elapsed = 00:00:41 . Memory (MB): peak = 2010.652 ; gain = 0.000
INFO: [Vivado 12-24828] Executing command : report_drc -file camera_drc_routed.rpt -pb camera_drc_routed.pb -rpx camera_drc_routed.rpx
Command: report_drc -file camera_drc_routed.rpt -pb camera_drc_routed.pb -rpx camera_drc_routed.rpx
INFO: [IP_Flow 19-1839] IP Catalog is up to date.
INFO: [DRC 23-27] Running DRC with 2 threads
INFO: [Vivado_Tcl 2-168] The results of DRC are in file C:/Users/Saleh/ProjKeTea/Projects/ece441_project/camera_using_external_memory_ece441_2026_02_V1_12/camera_using_external_memory/camera_using_external_memory.runs/impl_1/camera_drc_routed.rpt.
report_drc completed successfully
INFO: [Vivado 12-24828] Executing command : report_methodology -file camera_methodology_drc_routed.rpt -pb camera_methodology_drc_routed.pb -rpx camera_methodology_drc_routed.rpx
Command: report_methodology -file camera_methodology_drc_routed.rpt -pb camera_methodology_drc_routed.pb -rpx camera_methodology_drc_routed.rpx
INFO: [Timing 38-35] Done setting XDC timing constraints.
INFO: [DRC 23-133] Running Methodology with 2 threads
INFO: [Vivado_Tcl 2-1520] The results of Report Methodology are in file C:/Users/Saleh/ProjKeTea/Projects/ece441_project/camera_using_external_memory_ece441_2026_02_V1_12/camera_using_external_memory/camera_using_external_memory.runs/impl_1/camera_methodology_drc_routed.rpt.
report_methodology completed successfully
INFO: [Vivado 12-24828] Executing command : report_timing_summary -max_paths 10 -report_unconstrained -file camera_timing_summary_routed.rpt -pb camera_timing_summary_routed.pb -rpx camera_timing_summary_routed.rpx -warn_on_violation 
INFO: [Timing 38-35] Done setting XDC timing constraints.
INFO: [Timing 38-91] UpdateTimingParams: Speed grade: -1, Delay Type: min_max.
INFO: [Timing 38-191] Multithreading enabled for timing update using a maximum of 2 CPUs
INFO: [Vivado 12-24838] Running report commands "report_incremental_reuse, report_route_status" in parallel.
Running report generation with 2 threads.
INFO: [Vivado 12-24828] Executing command : report_incremental_reuse -file camera_incremental_reuse_routed.rpt
INFO: [Vivado_Tcl 4-1062] Incremental flow is disabled. No incremental reuse Info to report.
INFO: [Vivado 12-24828] Executing command : report_route_status -file camera_route_status.rpt -pb camera_route_status.pb
INFO: [Vivado 12-24828] Executing command : report_power -file camera_power_routed.rpt -pb camera_power_summary_routed.pb -rpx camera_power_routed.rpx
Command: report_power -file camera_power_routed.rpt -pb camera_power_summary_routed.pb -rpx camera_power_routed.rpx
INFO: [Power 33-23] Power model is not available for STARTUPE2_inst
Running Vector-less Activity Propagation...

Finished Running Vector-less Activity Propagation
121 Infos, 8 Warnings, 29 Critical Warnings and 0 Errors encountered.
report_power completed successfully
INFO: [Vivado 12-24828] Executing command : report_clock_utilization -file camera_clock_utilization_routed.rpt
INFO: [Vivado 12-24828] Executing command : report_bus_skew -warn_on_violation -file camera_bus_skew_routed.rpt -pb camera_bus_skew_routed.pb -rpx camera_bus_skew_routed.rpx
INFO: [Timing 38-91] UpdateTimingParams: Speed grade: -1, Delay Type: min_max.
INFO: [Timing 38-191] Multithreading enabled for timing update using a maximum of 2 CPUs
generate_parallel_reports: Time (s): cpu = 00:00:21 ; elapsed = 00:00:13 . Memory (MB): peak = 2010.652 ; gain = 0.000
Wrote PlaceDB: Time (s): cpu = 00:00:00 ; elapsed = 00:00:00 . Memory (MB): peak = 2010.652 ; gain = 0.000
INFO: [Timing 38-480] Writing timing data to binary archive.
Wrote PulsedLatchDB: Time (s): cpu = 00:00:00 ; elapsed = 00:00:00 . Memory (MB): peak = 2010.652 ; gain = 0.000
Writing XDEF routing.
Writing XDEF routing logical nets.
Write ShapeDB Complete: Time (s): cpu = 00:00:00 ; elapsed = 00:00:00.047 . Memory (MB): peak = 2010.652 ; gain = 0.000
Writing XDEF routing special nets.
Wrote RouteStorage: Time (s): cpu = 00:00:00 ; elapsed = 00:00:00.150 . Memory (MB): peak = 2010.652 ; gain = 0.000
Wrote PlaceStorage: Time (s): cpu = 00:00:02 ; elapsed = 00:00:00.565 . Memory (MB): peak = 2010.652 ; gain = 0.000
Wrote Netlist Cache: Time (s): cpu = 00:00:00 ; elapsed = 00:00:00.020 . Memory (MB): peak = 2010.652 ; gain = 0.000
Wrote Device Cache: Time (s): cpu = 00:00:00 ; elapsed = 00:00:00.007 . Memory (MB): peak = 2010.652 ; gain = 0.000
Write Physdb Complete: Time (s): cpu = 00:00:02 ; elapsed = 00:00:00.758 . Memory (MB): peak = 2010.652 ; gain = 0.000
INFO: [Common 17-1381] The checkpoint 'C:/Users/Saleh/ProjKeTea/Projects/ece441_project/camera_using_external_memory_ece441_2026_02_V1_12/camera_using_external_memory/camera_using_external_memory.runs/impl_1/camera_routed.dcp' has been generated.
Command: write_bitstream -force camera.bit
Attempting to get a license for feature 'Implementation' and/or device 'xc7a100t'
INFO: [Common 17-349] Got license for feature 'Implementation' and/or device 'xc7a100t'
Running DRC as a precondition to command write_bitstream
INFO: [IP_Flow 19-1839] IP Catalog is up to date.
INFO: [DRC 23-27] Running DRC with 2 threads
ERROR: [DRC NSTD-1] Unspecified I/O Standard: 26 out of 89 logical ports use I/O standard (IOSTANDARD) value 'DEFAULT', instead of a user assigned specific value. This may cause I/O contention or incompatibility with the board power or connectivity affecting performance, signal integrity or in extreme cases cause damage to the device or the components to which it is connected. To correct this violation, specify all I/O standards. This design will fail to generate a bitstream unless all logical ports have a user specified I/O standard value defined. To allow bitstream creation with unspecified I/O standard values (not recommended), use this command: set_property SEVERITY {Warning} [get_drc_checks NSTD-1].  NOTE: When using the Vivado Runs infrastructure (e.g. launch_runs Tcl command), add this command to a .tcl file and add that file as a pre-hook for write_bitstream step for the implementation run. Problem ports: Digits[7:0], Segments[7:0], ButtonDown, ButtonUp, next_picture_button, oled_cs, oled_dc, oled_reset, oled_sck, oled_sda, previous_picture_button, and reset_state_machine.
ERROR: [DRC UCIO-1] Unconstrained Logical Port: 55 out of 89 logical ports have no user assigned specific location constraint (LOC). This may cause I/O contention or incompatibility with the board power or connectivity affecting performance, signal integrity or in extreme cases cause damage to the device or the components to which it is connected. To correct this violation, specify all pin locations. This design will fail to generate a bitstream unless all logical ports have a user specified site LOC constraint defined.  To allow bitstream creation with unspecified pin locations (not recommended), use this command: set_property SEVERITY {Warning} [get_drc_checks UCIO-1].  NOTE: When using the Vivado Runs infrastructure (e.g. launch_runs Tcl command), add this command to a .tcl file and add that file as a pre-hook for write_bitstream step for the implementation run.  Problem ports: Digits[7:0], Segments[7:0], filter_options[2], filter_options[1], ov7670_data[5], ov7670_data[4], ov7670_drive[1], state_machine_status[10], state_machine_status[9], state_machine_status[8], state_machine_status[5], state_machine_status[4], state_machine_status[3], state_machine_status[2], state_machine_status[1]... and (the first 15 of 36 listed).
INFO: [Vivado 12-3199] DRC finished with 2 Errors
INFO: [Vivado 12-3200] Please refer to the DRC report (report_drc) for more information.
ERROR: [Vivado 12-1345] Error(s) found during DRC. Bitgen not run.
INFO: [Common 17-83] Releasing license: Implementation
133 Infos, 8 Warnings, 29 Critical Warnings and 3 Errors encountered.
write_bitstream failed
ERROR: [Common 17-39] 'write_bitstream' failed due to earlier errors.

INFO: [Common 17-206] Exiting Vivado at Wed May 13 15:13:33 2026...
