#-----------------------------------------------------------
# Vivado v2024.2 (64-bit)
# SW Build 5239630 on Fri Nov 08 22:35:27 MST 2024
# IP Build 5239520 on Sun Nov 10 16:12:51 MST 2024
# SharedData Build 5239561 on Fri Nov 08 14:39:27 MST 2024
# Start of session at: Thu Mar  5 15:00:25 2026
# Process ID         : 1596
# Current directory  : C:/Users/saredar/camera_using_external_memory_ece441_2026_02_V1_12/camera_using_external_memory/camera_using_external_memory.runs/line_buffer_synth_1
# Command line       : vivado.exe -log line_buffer.vds -product Vivado -mode batch -messageDb vivado.pb -notrace -source line_buffer.tcl
# Log file           : C:/Users/saredar/camera_using_external_memory_ece441_2026_02_V1_12/camera_using_external_memory/camera_using_external_memory.runs/line_buffer_synth_1/line_buffer.vds
# Journal file       : C:/Users/saredar/camera_using_external_memory_ece441_2026_02_V1_12/camera_using_external_memory/camera_using_external_memory.runs/line_buffer_synth_1\vivado.jou
# Running On         : ws11-04
# Platform           : Windows Server 2016 or Windows 10
# Operating System   : 19045
# Processor Detail   : Intel(R) Core(TM) i7-6700 CPU @ 3.40GHz
# CPU Frequency      : 3408 MHz
# CPU Physical cores : 4
# CPU Logical cores  : 8
# Host memory        : 17099 MB
# Swap memory        : 2550 MB
# Total Virtual      : 19650 MB
# Available Virtual  : 12818 MB
#-----------------------------------------------------------
source line_buffer.tcl -notrace
